2025-04-30 23:19:10,960 - INFO - ================================================================================
2025-04-30 23:19:10,960 - INFO - Запуск системы мониторинга майнеров
2025-04-30 23:19:10,960 - INFO - Инициализация монитора майнеров
2025-04-30 23:19:10,962 - INFO - Создан новый файл: previous_status.json
2025-04-30 23:19:10,962 - INFO - Создан новый файл: hashrate_history.json
2025-04-30 23:19:10,962 - INFO - Создан новый файл: workers_cache.json
2025-04-30 23:19:10,962 - INFO - --------------------------------------------------------------------------------
2025-04-30 23:19:10,962 - INFO - Начало нового цикла мониторинга (1 цикл)
2025-04-30 23:19:10,962 - INFO - Обновление данных из Google Sheets...
2025-04-30 23:19:10,962 - INFO - ================================================================================
2025-04-30 23:19:10,962 - INFO - Начало парсинга Google Sheets
2025-04-30 23:19:11,161 - CRITICAL - Ошибка парсинга Google Sheets: ('invalid_grant: Invalid JWT Signature.', {'error': 'invalid_grant', 'error_description': 'Invalid JWT Signature.'})
Traceback (most recent call last):
  File "D:\PythonProject\miner-monitor2\google_sheets_parser.py", line 42, in parse_google_sheets
    spreadsheet = client.open_by_key(config.SPREADSHEET_ID)
  File "C:\Users\Maxim\AppData\Local\Programs\Python\Python310\lib\site-packages\gspread\client.py", line 168, in open_by_key
    spreadsheet = Spreadsheet(self.http_client, {"id": key})
  File "C:\Users\Maxim\AppData\Local\Programs\Python\Python310\lib\site-packages\gspread\spreadsheet.py", line 29, in __init__
    metadata = self.fetch_sheet_metadata()
  File "C:\Users\Maxim\AppData\Local\Programs\Python\Python310\lib\site-packages\gspread\spreadsheet.py", line 230, in fetch_sheet_metadata
    return self.client.fetch_sheet_metadata(self.id, params=params)
  File "C:\Users\Maxim\AppData\Local\Programs\Python\Python310\lib\site-packages\gspread\http_client.py", line 305, in fetch_sheet_metadata
    r = self.request("get", url, params=params)
  File "C:\Users\Maxim\AppData\Local\Programs\Python\Python310\lib\site-packages\gspread\http_client.py", line 114, in request
    response = self.session.request(
  File "C:\Users\Maxim\AppData\Local\Programs\Python\Python310\lib\site-packages\google\auth\transport\requests.py", line 533, in request
    self.credentials.before_request(auth_request, method, url, request_headers)
  File "C:\Users\Maxim\AppData\Local\Programs\Python\Python310\lib\site-packages\google\auth\credentials.py", line 239, in before_request
    self._blocking_refresh(request)
  File "C:\Users\Maxim\AppData\Local\Programs\Python\Python310\lib\site-packages\google\auth\credentials.py", line 202, in _blocking_refresh
    self.refresh(request)
  File "C:\Users\Maxim\AppData\Local\Programs\Python\Python310\lib\site-packages\google\oauth2\service_account.py", line 448, in refresh
    access_token, expiry, _ = _client.jwt_grant(
  File "C:\Users\Maxim\AppData\Local\Programs\Python\Python310\lib\site-packages\google\oauth2\_client.py", line 299, in jwt_grant
    response_data = _token_endpoint_request(
  File "C:\Users\Maxim\AppData\Local\Programs\Python\Python310\lib\site-packages\google\oauth2\_client.py", line 270, in _token_endpoint_request
    _handle_error_response(response_data, retryable_error)
  File "C:\Users\Maxim\AppData\Local\Programs\Python\Python310\lib\site-packages\google\oauth2\_client.py", line 69, in _handle_error_response
    raise exceptions.RefreshError(
google.auth.exceptions.RefreshError: ('invalid_grant: Invalid JWT Signature.', {'error': 'invalid_grant', 'error_description': 'Invalid JWT Signature.'})
2025-04-30 23:19:11,171 - ERROR - Ошибка: ('invalid_grant: Invalid JWT Signature.', {'error': 'invalid_grant', 'error_description': 'Invalid JWT Signature.'})
Traceback (most recent call last):
  File "D:\PythonProject\miner-monitor2\main.py", line 41, in main
    tracking_data = google_sheets_parser.parse_google_sheets()
  File "D:\PythonProject\miner-monitor2\google_sheets_parser.py", line 42, in parse_google_sheets
    spreadsheet = client.open_by_key(config.SPREADSHEET_ID)
  File "C:\Users\Maxim\AppData\Local\Programs\Python\Python310\lib\site-packages\gspread\client.py", line 168, in open_by_key
    spreadsheet = Spreadsheet(self.http_client, {"id": key})
  File "C:\Users\Maxim\AppData\Local\Programs\Python\Python310\lib\site-packages\gspread\spreadsheet.py", line 29, in __init__
    metadata = self.fetch_sheet_metadata()
  File "C:\Users\Maxim\AppData\Local\Programs\Python\Python310\lib\site-packages\gspread\spreadsheet.py", line 230, in fetch_sheet_metadata
    return self.client.fetch_sheet_metadata(self.id, params=params)
  File "C:\Users\Maxim\AppData\Local\Programs\Python\Python310\lib\site-packages\gspread\http_client.py", line 305, in fetch_sheet_metadata
    r = self.request("get", url, params=params)
  File "C:\Users\Maxim\AppData\Local\Programs\Python\Python310\lib\site-packages\gspread\http_client.py", line 114, in request
    response = self.session.request(
  File "C:\Users\Maxim\AppData\Local\Programs\Python\Python310\lib\site-packages\google\auth\transport\requests.py", line 533, in request
    self.credentials.before_request(auth_request, method, url, request_headers)
  File "C:\Users\Maxim\AppData\Local\Programs\Python\Python310\lib\site-packages\google\auth\credentials.py", line 239, in before_request
    self._blocking_refresh(request)
  File "C:\Users\Maxim\AppData\Local\Programs\Python\Python310\lib\site-packages\google\auth\credentials.py", line 202, in _blocking_refresh
    self.refresh(request)
  File "C:\Users\Maxim\AppData\Local\Programs\Python\Python310\lib\site-packages\google\oauth2\service_account.py", line 448, in refresh
    access_token, expiry, _ = _client.jwt_grant(
  File "C:\Users\Maxim\AppData\Local\Programs\Python\Python310\lib\site-packages\google\oauth2\_client.py", line 299, in jwt_grant
    response_data = _token_endpoint_request(
  File "C:\Users\Maxim\AppData\Local\Programs\Python\Python310\lib\site-packages\google\oauth2\_client.py", line 270, in _token_endpoint_request
    _handle_error_response(response_data, retryable_error)
  File "C:\Users\Maxim\AppData\Local\Programs\Python\Python310\lib\site-packages\google\oauth2\_client.py", line 69, in _handle_error_response
    raise exceptions.RefreshError(
google.auth.exceptions.RefreshError: ('invalid_grant: Invalid JWT Signature.', {'error': 'invalid_grant', 'error_description': 'Invalid JWT Signature.'})
2025-04-30 23:19:16,756 - INFO - 
Работа завершена
